recoveryFlight.cpp:6:6:void drogue()	8	static
recoveryFlight.cpp:18:6:void chute(ADC_HandleTypeDef&)	16	static
recoveryFlight.cpp:34:5:int waitForAvionics(ADC_HandleTypeDef&)	16	static
recoveryFlight.cpp:59:14:SN_LockState sensorState()	24	static
recoveryFlight.cpp:97:6:bool checkLock()	24	static
recoveryFlight.cpp:109:14:LA_PullState linActPos(ADC_HandleTypeDef&)	32	static
recoveryFlight.cpp:122:6:void motorDrive(DCM_Dir, DCM_State)	16	static
recoveryFlight.cpp:148:5:int motorSpeed()	16	static
recoveryFlight.cpp:156:6:void LAWrite(LA_State)	24	static
